FSM 1 : VALID TRANSITION GRAPH

00001 : STATE IS REACHABLE FROM OUTSIDE.

   OUTGOING TRANSITIONS:
      01000
      00010
      00001

   INCOMING TRANSITIONS:
      00001
      00010
      00100
      01000
      10000


00010 : FSM STATE NOT REACHABLE FROM OUTSIDE.

   OUTGOING TRANSITIONS:
      00001
      00100
      00010

   INCOMING TRANSITIONS:
      00001
      00010


00100 : FSM STATE NOT REACHABLE FROM OUTSIDE.

   OUTGOING TRANSITIONS:
      00001
      00100

   INCOMING TRANSITIONS:
      00010
      00100


01000 : FSM STATE NOT REACHABLE FROM OUTSIDE.

   OUTGOING TRANSITIONS:
      00001
      10000
      01000

   INCOMING TRANSITIONS:
      00001
      01000


10000 : FSM STATE NOT REACHABLE FROM OUTSIDE.

   OUTGOING TRANSITIONS:
      00001
      10000

   INCOMING TRANSITIONS:
      01000
      10000


FSM 2 : VALID TRANSITION GRAPH

0000001 : STATE IS REACHABLE FROM OUTSIDE.

   OUTGOING TRANSITIONS:
      0000010
      0000001

   INCOMING TRANSITIONS:
      0000001
      1000000


0000010 : FSM STATE NOT REACHABLE FROM OUTSIDE.

   OUTGOING TRANSITIONS:
      0000100
      0000010

   INCOMING TRANSITIONS:
      0000001
      0000010


0000100 : FSM STATE NOT REACHABLE FROM OUTSIDE.

   OUTGOING TRANSITIONS:
      0001000
      0000100

   INCOMING TRANSITIONS:
      0000010
      0000100
      0001000


0001000 : FSM STATE NOT REACHABLE FROM OUTSIDE.

   OUTGOING TRANSITIONS:
      0000100
      0010000
      0001000

   INCOMING TRANSITIONS:
      0000100
      0001000


1000000 : FSM STATE NOT REACHABLE FROM OUTSIDE.

   OUTGOING TRANSITIONS:
      0000001

   INCOMING TRANSITIONS:
      0100000


0010000 : FSM STATE NOT REACHABLE FROM OUTSIDE.

   OUTGOING TRANSITIONS:
      0100000
      0010000

   INCOMING TRANSITIONS:
      0001000
      0010000


0100000 : FSM STATE NOT REACHABLE FROM OUTSIDE.

   OUTGOING TRANSITIONS:
      1000000

   INCOMING TRANSITIONS:
      0010000


FSM 3 : VALID TRANSITION GRAPH

00100000 : FSM STATE NOT REACHABLE FROM OUTSIDE.

   OUTGOING TRANSITIONS:
      01000000
      00100000

   INCOMING TRANSITIONS:
      00010000
      00100000


01000000 : FSM STATE NOT REACHABLE FROM OUTSIDE.

   OUTGOING TRANSITIONS:
      10000000
      01000000

   INCOMING TRANSITIONS:
      00100000
      01000000


00001000 : FSM STATE NOT REACHABLE FROM OUTSIDE.

   OUTGOING TRANSITIONS:
      00010000
      00001000

   INCOMING TRANSITIONS:
      00000100
      00001000
      00010000


00010000 : FSM STATE NOT REACHABLE FROM OUTSIDE.

   OUTGOING TRANSITIONS:
      00001000
      00100000
      00010000

   INCOMING TRANSITIONS:
      00001000
      00010000


10000000 : FSM STATE NOT REACHABLE FROM OUTSIDE.

   OUTGOING TRANSITIONS:
      00000001

   INCOMING TRANSITIONS:
      01000000


00000001 : STATE IS REACHABLE FROM OUTSIDE.

   OUTGOING TRANSITIONS:
      00000010
      00000001

   INCOMING TRANSITIONS:
      00000001
      00000010
      10000000


00000010 : FSM STATE NOT REACHABLE FROM OUTSIDE.

   OUTGOING TRANSITIONS:
      00000001
      00000100
      00000010

   INCOMING TRANSITIONS:
      00000001
      00000010


00000100 : FSM STATE NOT REACHABLE FROM OUTSIDE.

   OUTGOING TRANSITIONS:
      00001000
      00000100

   INCOMING TRANSITIONS:
      00000010
      00000100


